===== restore_full_history =====
Paper trading now uses complete history by default
History table now shows complete history by default
exit=0

===== rebuild_snapshot_history =====
Rebuilt 83 compact snapshots from 2026-04-11 through 2026-08-06
exit=0

===== optimize_streamlit_app =====
Optimized app.py for snapshot-only, lazy rendering and bounded caches
exit=0

===== fix_history_cache =====
History cache marker now includes the complete snapshot set
exit=0

===== fix_repo_audit =====
Fixed Streamlit trade-table missing-value display
Added paper-order expiry setting
Fixed paper-trading stale fills, order expiry and trading-day counts
Fixed neutral institutional-flow label
Fixed TWSE cache freshness, corruption recovery and numeric parsing
Updated README to match current deployment and history behavior
exit=0

===== fix_portfolio_tracking =====
Analysis service now fetches price-only symbols without ranking them
Snapshot refresh now retains prices for paper positions and pending orders
exit=0

===== unit_tests =====
..........
----------------------------------------------------------------------
Ran 10 tests in 0.152s

OK
exit=0

